"","x"
"Gene_1",0.237425311858381
"Gene_2",0.240607406386177
"Gene_3",4.12693110003336
"Gene_4",4.2452810881447
"Gene_5",3.91045233521553
"Gene_6",3.98544060451062
"Gene_7",0.263367669103408
"Gene_8",0.234139038083575
"Gene_9",0.267157111535442
"Gene_10",4.06475815648095
"Gene_11",3.99303059563308
"Gene_12",5.47880981372693
"Gene_13",3.15127830601534
"Gene_14",3.93866056964227
"Gene_15",0.232627286237393
"Gene_16",4.26280009292123
"Gene_17",0.258606867484812
"Gene_18",4.24686456051156
"Gene_19",0.279228812466623
"Gene_20",4.39175327168771
"Gene_21",3.86381766223565
"Gene_22",3.8477563754395
"Gene_23",0.23316191705974
"Gene_24",0.239464668779979
"Gene_25",0.220537843814593
"Gene_26",3.82667534705417
"Gene_27",0.376646311698846
"Gene_28",3.99186273273998
"Gene_29",3.71693772404679
"Gene_30",0.254231319495941
"Gene_31",3.33920673996326
"Gene_32",0.251629106575302
"Gene_33",2.59942651701571
"Gene_34",4.41555303967381
"Gene_35",0.460388973811685
"Gene_36",0.22881822646909
"Gene_37",3.96939676989826
"Gene_38",0.250245370864147
"Gene_39",0.250811170451523
"Gene_40",0.244629013960331
"Gene_41",3.60930264003327
"Gene_42",4.01325603016851
"Gene_43",3.73960863544927
"Gene_44",0.252491926861338
"Gene_45",7.19508743738565
"Gene_46",0.264967206933741
"Gene_47",3.88288774250372
"Gene_48",0.255465267117961
"Gene_49",0.301142279800265
"Gene_50",3.76046007532164
"Gene_51",4.20721285744476
"Gene_52",3.85842747704704
"Gene_53",3.98119899244179
"Gene_54",0.243961075792195
"Gene_55",3.68815535003169
"Gene_56",2.69541451374523
"Gene_57",3.98756202678566
"Gene_58",0.272946312015099
"Gene_59",2.39707427322568
"Gene_60",4.05730716138016
"Gene_61",0.239080484490283
"Gene_62",3.73423992065221
"Gene_63",3.62309371642307
"Gene_64",0.249359675794247
"Gene_65",3.84548153962885
"Gene_66",3.75682565673843
"Gene_67",0.16167092720184
"Gene_68",0.276269271312512
"Gene_69",0.246806069967434
"Gene_70",0.236988390164843
"Gene_71",4.36716668065002
"Gene_72",0.302912125861544
"Gene_73",3.94997990497983
"Gene_74",0.267913346082534
"Gene_75",3.89757280712004
"Gene_76",2.20651980832965
"Gene_77",0.234961590876234
"Gene_78",0.241108127705917
"Gene_79",4.15346410756648
"Gene_80",3.70137640628061
"Gene_81",0.26066956785461
"Gene_82",4.07726182393836
"Gene_83",0.234646980990746
"Gene_84",0.32062373316833
"Gene_85",4.59490856771011
"Gene_86",0.261224498512939
"Gene_87",3.77516684556141
"Gene_88",4.08533108897369
"Gene_89",0.255761487214597
"Gene_90",3.69067515438779
"Gene_91",0.224777048778768
"Gene_92",0.233532106143419
"Gene_93",0.237214729354954
"Gene_94",3.80566674316903
"Gene_95",0.243085645837306
"Gene_96",0.257006153850493
"Gene_97",0.313521039078056
"Gene_98",3.47696639650226
"Gene_99",4.100466013228
"Gene_100",3.74355955900225
"Gene_1001",0.896816946510412
"Gene_1002",1.08390612411483
"Gene_1003",1.04364565563129
"Gene_1004",1.06187275683762
"Gene_1005",1.1398247831841
"Gene_1006",0.925616838856981
"Gene_1007",1.16596676699729
"Gene_1008",0.948914682555098
"Gene_1009",0.598050436913886
"Gene_1010",0.871060100607442
"Gene_1011",0.659375247316855
"Gene_1012",0.957190683582384
"Gene_1013",1.35750808474264
"Gene_1014",1.0780098657105
"Gene_1015",0.923643555421015
"Gene_1016",0.99960397577306
"Gene_1017",1.03726733967517
"Gene_1018",1.0410363354965
"Gene_1019",1.10568250491888
"Gene_1020",1.03534474324813
"Gene_1021",1.16268033825792
"Gene_1022",0.985553540689057
"Gene_1023",1.00759886710905
"Gene_1024",0.949838831960887
"Gene_1025",1.05614045661419
"Gene_1026",1.03493196287722
"Gene_1027",0.998661663110693
"Gene_1028",0.957728226753065
"Gene_1029",0.99422762486312
"Gene_1030",0.91588090836552
"Gene_1031",0.933468681971515
"Gene_1032",1.05033028286589
"Gene_1033",1.00392236517618
"Gene_1034",0.851019675462349
"Gene_1035",1.01564707617031
"Gene_1036",0.844551639040467
"Gene_1037",1.04119526020456
"Gene_1038",0.956383298247355
"Gene_1039",1.02818627487853
"Gene_1040",1.19405817981977
"Gene_1041",0.96501836462487
"Gene_1042",0.951066829571137
"Gene_1043",0.915017159861589
"Gene_1044",1.04738094553941
"Gene_1045",1.04188237709085
"Gene_1046",0.940125636610025
"Gene_1047",0.949172737051202
"Gene_1048",1.03975853203002
"Gene_1049",1.03354620767016
"Gene_1050",1.02958413642537
"Gene_1051",1.60425404884706
"Gene_1052",0.94512651753476
"Gene_1053",1.03805960811123
"Gene_1054",1.02527989369511
"Gene_1055",0.931272478047617
"Gene_1056",0.96989348251367
"Gene_1057",0.428839049047197
"Gene_1058",0.914940750343371
"Gene_1059",0.99533984034914
"Gene_1060",0.971979519765521
"Gene_1061",0.940100171388323
"Gene_1062",1.0945103958013
"Gene_1063",0.826117588461062
"Gene_1064",0.896639925462579
"Gene_1065",0.869074149339034
"Gene_1066",0.916942723019867
"Gene_1067",0.992572606857004
"Gene_1068",0.851530882789088
"Gene_1069",0.939749621484564
"Gene_1070",0.855869980000724
"Gene_1071",0.82687271345849
"Gene_1072",0.901022960351377
"Gene_1073",0.859799351017524
"Gene_1074",1.06018643770641
"Gene_1075",1.0497897850547
"Gene_1076",1.06935043204671
"Gene_1077",0.934473081127549
"Gene_1078",1.03010739476692
"Gene_1079",1.13512317744719
"Gene_1080",0.73950149670699
"Gene_1081",0.941752243765368
"Gene_1082",0.936897075239606
"Gene_1083",0.806504502413794
"Gene_1084",0.995935702070674
"Gene_1085",1.02894966987806
"Gene_1086",0.984802273678528
"Gene_1087",1.00890103441403
"Gene_1088",0.8120980686235
"Gene_1089",1.07200014656964
"Gene_1090",0.923578218378764
"Gene_1091",0.993912706053823
"Gene_1092",1.01991717283919
"Gene_1093",1.07482269036289
"Gene_1094",0.981841357152386
"Gene_1095",1.34324927227101
"Gene_1096",1.27449792078987
"Gene_1097",0.991680627789407
"Gene_1098",1.00622290617557
"Gene_1099",0.989944136379795
"Gene_1100",1.12049128329694
"Gene_1101",1.15701174387921
"Gene_1102",0.996999008104026
"Gene_1103",0.9293455136446
"Gene_1104",1.33251602811628
"Gene_1105",0.84181286700801
"Gene_1106",0.997833734289777
"Gene_1107",0.824018320719102
"Gene_1108",1.10233241883753
"Gene_1109",1.01240085349214
"Gene_1110",1.05578022954921
"Gene_1111",1.17886692723351
"Gene_1112",0.857658475415305
"Gene_1113",1.02201346944097
"Gene_1114",0.805745995115802
"Gene_1115",1.08560017807196
"Gene_1116",0.817436270247576
"Gene_1117",0.883690946785459
"Gene_1118",0.866120462351144
"Gene_1119",0.950265014553656
"Gene_1120",0.844334372479431
"Gene_1121",0.98428003276765
"Gene_1122",1.06004507526442
"Gene_1123",1.02854582449158
"Gene_1124",0.755730082519858
"Gene_1125",1.03333743423663
"Gene_1126",0.813403616085697
"Gene_1127",1.0141149322373
"Gene_1128",0.871976680556037
"Gene_1129",0.933977035670909
"Gene_1130",1.010662948604
"Gene_1131",1.05956381081385
"Gene_1132",0.91820900352892
"Gene_1133",1.02432926393496
"Gene_1134",1.03248005204279
"Gene_1135",0.940259204925812
"Gene_1136",1.14963941924364
"Gene_1137",0.738907519609539
"Gene_1138",1.02752619650982
"Gene_1139",1.32995922211633
"Gene_1140",0.999365928004014
"Gene_1141",1.32958067397858
"Gene_1142",1.37179849540416
"Gene_1143",1.00219377028648
"Gene_1144",1.10915928088729
"Gene_1145",0.824499553526913
"Gene_1146",0.975746974124675
"Gene_1147",1.00081634223631
"Gene_1148",0.958495935098646
"Gene_1149",0.959411696287043
"Gene_1150",1.01679236956945
"Gene_1151",0.983429358720693
"Gene_1152",0.996177765165759
"Gene_1153",0.956129138162142
"Gene_1154",0.975978262937804
"Gene_1155",1.1045372523655
"Gene_1156",0.862204692398386
"Gene_1157",1.12815125010247
"Gene_1158",1.04927859997158
"Gene_1159",1.01734863655113
"Gene_1160",1.06423109304293
"Gene_1161",1.0464824281207
"Gene_1162",0.896825954777034
"Gene_1163",0.946456861472782
"Gene_1164",0.745018730869027
"Gene_1165",1.72225802423501
"Gene_1166",0.871036446554189
"Gene_1167",0.673475414783988
"Gene_1168",1.0044843027968
"Gene_1169",1.00905979806955
"Gene_1170",1.02205725522522
"Gene_1171",0.960007227136445
"Gene_1172",1.05199126669357
"Gene_1173",0.953590388902781
"Gene_1174",0.944325456790035
"Gene_1175",1.0229000615885
"Gene_1176",1.13563028998759
"Gene_1177",1.04228072767024
"Gene_1178",1.06469857288895
"Gene_1179",1.04232615988306
"Gene_1180",0.947106661068119
"Gene_1181",1.03988461103499
"Gene_1182",0.884526190228857
"Gene_1183",0.972002122310056
"Gene_1184",1.11345664309756
"Gene_1185",1.09368761620976
"Gene_1186",1.00126638147822
"Gene_1187",0.968509343882215
"Gene_1188",0.951771410175398
"Gene_1189",0.952490194043918
"Gene_1190",1.24964000046995
"Gene_1191",0.972452124027554
"Gene_1192",0.9252650515789
"Gene_1193",1.06387602090705
"Gene_1194",1.00544571607767
"Gene_1195",0.977973233420926
"Gene_1196",0.993320059440554
"Gene_1197",0.911684437623727
"Gene_1198",0.950953987655987
"Gene_1199",0.602823602318547
"Gene_1200",1.0708448682716
"Gene_1201",0.912238274421727
"Gene_1202",1.04538791278425
"Gene_1203",0.919517829727585
"Gene_1204",0.974208001769484
"Gene_1205",0.955441610380047
"Gene_1206",1.04887431885087
"Gene_1207",1.39434868437794
"Gene_1208",1.91167530185826
"Gene_1209",1.14205533152637
"Gene_1210",1.14369353058298
"Gene_1211",0.843719243556254
"Gene_1212",0.979439146700625
"Gene_1213",0.958079621607983
"Gene_1214",0.990188701777401
"Gene_1215",1.05633300267415
"Gene_1216",1.01348947954165
"Gene_1217",1.01716449275671
"Gene_1218",0.97138378937657
"Gene_1219",1.00903500911482
"Gene_1220",0.921417005901564
"Gene_1221",1.01271574018189
"Gene_1222",1.1841167522717
"Gene_1223",1.00095664954199
"Gene_1224",0.869518013757028
"Gene_1225",0.910807967809504
"Gene_1226",1.13071026060947
"Gene_1227",0.949511605379053
"Gene_1228",0.778967460815887
"Gene_1229",0.837488178286708
"Gene_1230",0.962429651272412
"Gene_1231",1.03028599461346
"Gene_1232",1.1195619551226
"Gene_1233",0.901394500576296
"Gene_1234",0.992749530166799
"Gene_1235",0.970641902225749
"Gene_1236",1.35348107522285
"Gene_1237",0.85233346037256
"Gene_1238",0.990656296663197
"Gene_1239",0.99481378483572
"Gene_1240",1.14351492661533
"Gene_1241",0.997703309115319
"Gene_1242",1.04795151154692
"Gene_1243",1.00733779331198
"Gene_1244",1.0443482881998
"Gene_1245",0.958196610995667
"Gene_1246",0.991181097504267
"Gene_1247",0.847229182307368
"Gene_1248",1.14617454721401
"Gene_1249",1.04607874460173
"Gene_1250",1.12459581692915
"Gene_1251",0.891102694717297
"Gene_1252",0.904610107767533
"Gene_1253",0.954832873448656
"Gene_1254",0.891077885107929
"Gene_1255",1.05889588593789
"Gene_1256",0.916581785537627
"Gene_1257",1.07009474409472
"Gene_1258",0.993663748472486
"Gene_1259",1.01091889913954
"Gene_1260",0.99956160644864
"Gene_1261",1.03394060020314
"Gene_1262",1.04430835820174
"Gene_1263",1.05866673588863
"Gene_1264",1.11173007394115
"Gene_1265",1.02032549261363
"Gene_1266",1.67545139739595
"Gene_1267",0.931738573049436
"Gene_1268",0.984484436173796
"Gene_1269",1.04296138162888
"Gene_1270",0.973976590051272
"Gene_1271",0.996686685474215
"Gene_1272",0.973445658519049
"Gene_1273",1.5581441716809
"Gene_1274",1.02613905130893
"Gene_1275",1.13402668330418
"Gene_1276",0.968205639635742
"Gene_1277",0.975984382784148
"Gene_1278",1.03695812656195
"Gene_1279",1.13781851980255
"Gene_1280",0.995515694682069
"Gene_1281",0.951085416938043
"Gene_1282",0.949959321914314
"Gene_1283",1.31045895050244
"Gene_1284",0.977583275107546
"Gene_1285",0.958642766710472
"Gene_1286",1.72679744266102
"Gene_1287",1.03284846131472
"Gene_1288",0.984901190344016
"Gene_1289",0.718273865112461
"Gene_1290",0.685570358587386
"Gene_1291",1.08952981470803
"Gene_1292",1.00187901419846
"Gene_1293",1.04557321626726
"Gene_1294",0.981076099810653
"Gene_1295",0.869916170418156
"Gene_1296",1.0484938075228
"Gene_1297",0.860465621805423
"Gene_1298",0.991344242370488
"Gene_1299",1.04202565497359
"Gene_1300",0.956098371445011
"Gene_1301",0.995684191213402
"Gene_1302",1.12622509283642
"Gene_1303",0.958162579754748
"Gene_1304",0.964700049222308
"Gene_1305",0.794454095629804
"Gene_1306",0.791877168675989
"Gene_1307",0.820532914505622
"Gene_1308",0.938871618099092
"Gene_1309",0.969021187054651
"Gene_1310",1.09250653495473
"Gene_1311",0.906539190986314
"Gene_1312",0.919714604585281
"Gene_1313",1.06208875393975
"Gene_1314",0.969926188981144
"Gene_1315",0.913420277220919
"Gene_1316",1.01093488843207
"Gene_1317",0.943300898714222
"Gene_1318",0.948578996305702
"Gene_1319",0.978268595675767
"Gene_1320",1.07418096763135
"Gene_1321",1.0371977774903
"Gene_1322",2.13469207467049
"Gene_1323",0.989331670497265
"Gene_1324",0.917239511712882
"Gene_1325",0.984770418778577
"Gene_1326",1.01030440513988
"Gene_1327",1.12987101581162
"Gene_1328",1.16913884705804
"Gene_1329",0.937158832759629
"Gene_1330",1.00499550367089
"Gene_1331",0.912092626701825
"Gene_1332",0.971223374416158
"Gene_1333",0.97739531152466
"Gene_1334",1.83741161861101
"Gene_1335",1.05340162935173
"Gene_1336",1.06319641428009
"Gene_1337",1.03080662762564
"Gene_1338",0.874593884055086
"Gene_1339",1.00014163585413
"Gene_1340",1.02619873647885
"Gene_1341",1.035564792682
"Gene_1342",0.943575774306729
"Gene_1343",1.09177934629127
"Gene_1344",0.973967289909902
"Gene_1345",1.05804673418422
"Gene_1346",0.988706667422761
"Gene_1347",0.835260160799318
"Gene_1348",1.06452378494823
"Gene_1349",0.959569147685123
"Gene_1350",0.933108497188569
"Gene_1351",1.39418767398869
"Gene_1352",1.03136136302822
"Gene_1353",0.948012956811527
"Gene_1354",0.757842736577261
"Gene_1355",1.29324741878236
"Gene_1356",0.95431081756471
"Gene_1357",1.02017794330763
"Gene_1358",0.869492299614228
"Gene_1359",0.945539737578457
"Gene_1360",0.89744671438309
"Gene_1361",1.04158945904533
"Gene_1362",0.944817154209665
"Gene_1363",0.902466319724401
"Gene_1364",1.72348835898781
"Gene_1365",0.897607935361231
"Gene_1366",1.00427586534534
"Gene_1367",0.862552444781044
"Gene_1368",0.955604633860694
"Gene_1369",0.95508202039514
"Gene_1370",0.962121593832674
"Gene_1371",1.01959003217294
"Gene_1372",0.99559276119439
"Gene_1373",0.93171450131257
"Gene_1374",0.939575071175955
"Gene_1375",1.07519588374357
"Gene_1376",1.05503381169271
"Gene_1377",1.05419990398978
"Gene_1378",0.857784308103415
"Gene_1379",1.00950644561128
"Gene_1380",0.876382386923879
"Gene_1381",0.890946484822819
"Gene_1382",1.43887505072174
"Gene_1383",1.07140023207138
"Gene_1384",0.987322929794899
"Gene_1385",0.999479756124957
"Gene_1386",1.01992726064118
"Gene_1387",0.957410432907237
"Gene_1388",0.773255034825524
"Gene_1389",0.934291044143331
"Gene_1390",0.981379016166076
"Gene_1391",1.10960332514504
"Gene_1392",0.948238637902292
"Gene_1393",0.877436726944258
"Gene_1394",0.890772635681616
"Gene_1395",1.08617942512347
"Gene_1396",0.981496306146096
"Gene_1397",1.00906307326816
"Gene_1398",0.952457841894105
"Gene_1399",1.02424253094724
"Gene_1400",0.898296719605014
"Gene_1401",0.911445328852282
"Gene_1402",0.894346592376177
"Gene_1403",1.60839911365787
"Gene_1404",1.21603290677515
"Gene_1405",1.14125771399355
"Gene_1406",0.915638936591762
"Gene_1407",0.932672315645455
"Gene_1408",0.956803898443149
"Gene_1409",0.984989894493236
"Gene_1410",1.30021288636259
"Gene_1411",1.03029866869093
"Gene_1412",0.854638725014819
"Gene_1413",1.024532809701
"Gene_1414",1.0346052124969
"Gene_1415",1.09344649063764
"Gene_1416",0.933716255061135
"Gene_1417",1.19807933561033
"Gene_1418",1.34399371441324
"Gene_1419",1.01241901059521
"Gene_1420",1.02844747600792
"Gene_1421",1.03845837952146
"Gene_1422",0.918873841173081
"Gene_1423",1.02822278798383
"Gene_1424",1.14513910569785
"Gene_1425",0.989102363483106
"Gene_1426",1.00218911164039
"Gene_1427",0.722309879012479
"Gene_1428",0.925862571953763
"Gene_1429",1.0419492996894
"Gene_1430",1.24744522427548
"Gene_1431",1.02191419902823
"Gene_1432",0.821845700017798
"Gene_1433",1.06084389815435
"Gene_1434",1.09432979071372
"Gene_1435",0.895754941449487
"Gene_1436",1.04405671979432
"Gene_1437",0.951882787691199
"Gene_1438",1.07702465485861
"Gene_1439",0.971198002873559
"Gene_1440",0.926216734147798
"Gene_1441",0.760960578384485
"Gene_1442",1.02142478545101
"Gene_1443",0.992505342228376
"Gene_1444",1.01007623445434
"Gene_1445",1.00219314903944
"Gene_1446",1.03801499414493
"Gene_1447",1.03631674207391
"Gene_1448",0.964072218899165
"Gene_1449",1.04101257800383
"Gene_1450",1.04268007446532
"Gene_1451",1.00357203218957
"Gene_1452",1.09287414347369
"Gene_1453",1.04843819554365
"Gene_1454",1.01714587959935
"Gene_1455",0.935693499390971
"Gene_1456",0.885642596964735
"Gene_1457",0.974305759056571
"Gene_1458",1.01306915968377
"Gene_1459",0.917327441398202
"Gene_1460",0.92290208710062
"Gene_1461",1.06863311254005
"Gene_1462",0.948464668160236
"Gene_1463",1.04442404426827
"Gene_1464",0.82670755568778
"Gene_1465",0.884948775147814
"Gene_1466",1.14055077909291
"Gene_1467",1.00719974897651
"Gene_1468",0.937135649126363
"Gene_1469",0.914168154045896
"Gene_1470",0.944716406263812
"Gene_1471",0.985755800471304
"Gene_1472",1.04893940077797
"Gene_1473",1.0251708709126
"Gene_1474",0.977973942032607
"Gene_1475",1.0072663775221
"Gene_1476",0.890133330713072
"Gene_1477",0.980723932013045
"Gene_1478",0.946478024259438
"Gene_1479",0.96813424537677
"Gene_1480",1.11479374297799
"Gene_1481",0.970905431424623
"Gene_1482",1.00880852434459
"Gene_1483",0.91894858363242
"Gene_1484",0.885752605230117
"Gene_1485",1.02894105404131
"Gene_1486",1.41693438635488
"Gene_1487",0.862681916406448
"Gene_1488",0.939791340957567
"Gene_1489",0.958072233842385
"Gene_1490",1.08232585092924
"Gene_1491",1.02664983515734
"Gene_1492",1.04265008745175
"Gene_1493",0.74387818120479
"Gene_1494",1.46898464328819
"Gene_1495",0.892437430447329
"Gene_1496",1.0017663113524
"Gene_1497",0.976925887678789
"Gene_1498",0.656783139504712
"Gene_1499",0.941223619286227
"Gene_1500",0.906693495875062
"Gene_1501",1.05890921956981
"Gene_1502",1.02100579220776
"Gene_1503",0.943428524907329
"Gene_1504",1.15067051975748
"Gene_1505",1.05454279000938
"Gene_1506",1.0207082662616
"Gene_1507",1.86361334414994
"Gene_1508",0.995335408811749
"Gene_1509",1.05262557453505
"Gene_1510",1.08928230155938
"Gene_1511",0.688200306794118
"Gene_1512",1.12404677024268
"Gene_1513",0.982020654246138
"Gene_1514",1.1795356367998
"Gene_1515",1.09020840378512
"Gene_1516",0.99837693889942
"Gene_1517",0.936920083940398
"Gene_1518",0.974191166344629
"Gene_1519",1.07050389370185
"Gene_1520",1.93071938622534
"Gene_1521",0.948613616515967
"Gene_1522",1.10375411918951
"Gene_1523",0.959362137081973
"Gene_1524",0.964301892648083
"Gene_1525",0.985435554217604
"Gene_1526",0.971518266411663
"Gene_1527",0.963198268379507
"Gene_1528",1.32717171374156
"Gene_1529",0.797839393469596
"Gene_1530",0.980101220935112
"Gene_1531",0.792804372623932
"Gene_1532",1.06944979487466
"Gene_1533",1.08931210063856
"Gene_1534",1.02287564339421
"Gene_1535",0.902477847153405
"Gene_1536",1.06355037848533
"Gene_1537",1.09317134290763
"Gene_1538",1.00763316538595
"Gene_1539",0.747768646418388
"Gene_1540",0.987586873033218
"Gene_1541",0.958874833905948
"Gene_1542",1.14900583011054
"Gene_1543",0.948509608148547
"Gene_1544",1.1807975441224
"Gene_1545",0.991977069434056
"Gene_1546",1.01036668749226
"Gene_1547",1.23965411634177
"Gene_1548",1.06864158834604
"Gene_1549",0.953027425615797
"Gene_1550",0.98640200299815
"Gene_1551",0.993999375562216
"Gene_1552",1.06986813975086
"Gene_1553",0.884175071450604
"Gene_1554",0.944495841483041
"Gene_1555",0.86479603397969
"Gene_1556",0.962111366225384
"Gene_1557",0.972276692188045
"Gene_1558",1.02412736713273
"Gene_1559",1.01358767449992
"Gene_1560",0.997015201194075
"Gene_1561",0.891728483900276
"Gene_1562",1.04807746208715
"Gene_1563",1.10528158392484
"Gene_1564",1.02123507627789
"Gene_1565",0.959218505769325
"Gene_1566",1.20171667957329
"Gene_1567",1.3319868346589
"Gene_1568",1.01238646304099
"Gene_1569",1.03386182216466
"Gene_1570",1.02604211696448
"Gene_1571",1.12593388510038
"Gene_1572",0.981631941055526
"Gene_1573",1.01376275703609
"Gene_1574",1.20824776098913
"Gene_1575",1.15018148663786
"Gene_1576",0.986746039998495
"Gene_1577",1.13897218105493
"Gene_1578",0.98863302948365
"Gene_1579",0.908789956117874
"Gene_1580",0.95890019415223
"Gene_1581",0.956439501907799
"Gene_1582",0.94310055198839
"Gene_1583",0.905598210808768
"Gene_1584",0.958625950203272
"Gene_1585",0.980755814671257
"Gene_1586",1.04956110630488
"Gene_1587",1.00780425715615
"Gene_1588",1.1332305553919
"Gene_1589",1.08347161332694
"Gene_1590",0.889501278444357
"Gene_1591",0.993668276766425
"Gene_1592",1.08366849645815
"Gene_1593",1.05192460689769
"Gene_1594",0.954634583527517
"Gene_1595",1.06739230056165
"Gene_1596",0.913674779958276
"Gene_1597",1.07784338424682
"Gene_1598",0.895626549073035
"Gene_1599",0.907232190469603
"Gene_1600",0.793673236096063
"Gene_1601",1.01441401027575
"Gene_1602",0.889073557081323
"Gene_1603",1.12959706510849
"Gene_1604",0.925020837562557
"Gene_1605",1.04690255751789
"Gene_1606",0.969606835465296
"Gene_1607",1.03346599435655
"Gene_1608",1.11336233716872
"Gene_1609",0.880696859610539
"Gene_1610",0.899289206450886
"Gene_1611",1.01959458651865
"Gene_1612",0.959172959793397
"Gene_1613",0.796207042898183
"Gene_1614",0.987075775391824
"Gene_1615",1.10512950082923
"Gene_1616",1.05991836970715
"Gene_1617",1.21024689074837
"Gene_1618",0.96905619236509
"Gene_1619",0.881572299142443
"Gene_1620",0.973854708638832
"Gene_1621",1.07787573415694
"Gene_1622",1.00754966997767
"Gene_1623",1.13638092692808
"Gene_1624",0.976231495844469
"Gene_1625",0.935168435775647
"Gene_1626",0.935367234971054
"Gene_1627",0.964406525840491
"Gene_1628",1.0795580782943
"Gene_1629",1.03312269887312
"Gene_1630",1.01245326756267
"Gene_1631",0.94953580907298
"Gene_1632",1.04384618070088
"Gene_1633",0.979321743452795
"Gene_1634",0.740090480139504
"Gene_1635",0.944539915272089
"Gene_1636",0.99945501078685
"Gene_1637",1.04086815860444
"Gene_1638",0.928172356689809
"Gene_1639",1.16028992874354
"Gene_1640",0.987979417983084
"Gene_1641",0.977265637825695
"Gene_1642",0.914560458165791
"Gene_1643",1.07935438573475
"Gene_1644",1.10065908241042
"Gene_1645",1.02295795409984
"Gene_1646",1.01656762104517
"Gene_1647",0.819783212412385
"Gene_1648",1.11261173588985
"Gene_1649",1.04933148267595
"Gene_1650",1.03266111749551
"Gene_1651",0.979821826540756
"Gene_1652",0.997330351955569
"Gene_1653",0.928815738204184
"Gene_1654",0.925385019598698
"Gene_1655",1.01917875242666
"Gene_1656",1.13410403024025
"Gene_1657",1.18201889102766
"Gene_1658",0.95175116872361
"Gene_1659",0.844580797758451
"Gene_1660",1.02493357040003
"Gene_1661",0.998641458190335
"Gene_1662",0.967419775460142
"Gene_1663",1.04476408337985
"Gene_1664",0.982651283397463
"Gene_1665",1.07295138295455
"Gene_1666",0.97034188424305
"Gene_1667",1.03941989949976
"Gene_1668",1.01838999117828
"Gene_1669",0.995353848320789
"Gene_1670",1.07603755832238
"Gene_1671",0.961697224684634
"Gene_1672",1.04497784063868
"Gene_1673",1.07985583716797
"Gene_1674",1.02570429684868
"Gene_1675",0.908429895422824
"Gene_1676",1.07374783578483
"Gene_1677",1.02654642818516
"Gene_1678",0.960429327175518
"Gene_1679",1.04802087493589
"Gene_1680",0.997029121733576
"Gene_1681",1.0086103502667
"Gene_1682",0.937779726782856
"Gene_1683",0.985916665609821
"Gene_1684",1.02404467126697
"Gene_1685",1.00629855131332
"Gene_1686",1.14237149020908
"Gene_1687",0.904897035747347
"Gene_1688",1.01431858583718
"Gene_1689",1.00102062196233
"Gene_1690",0.832488139245155
"Gene_1691",0.992659920329019
"Gene_1692",0.881620229231257
"Gene_1693",0.957064230724168
"Gene_1694",0.909420542847323
"Gene_1695",0.937722820568046
"Gene_1696",1.29131726360381
"Gene_1697",1.09582596295072
"Gene_1698",1.12688117977608
"Gene_1699",1.05036446632912
"Gene_1700",0.729621456439773
"Gene_1701",1.01700224623905
"Gene_1702",0.788758263004152
"Gene_1703",0.996833286387663
"Gene_1704",1.02782937388404
"Gene_1705",0.972337116164823
"Gene_1706",0.89634619785568
"Gene_1707",1.03141621387022
"Gene_1708",0.97405421753103
"Gene_1709",1.02374870924061
"Gene_1710",1.11718400047707
"Gene_1711",1.08271801886523
"Gene_1712",1.2426215390778
"Gene_1713",0.914840760736272
"Gene_1714",0.944395455558558
"Gene_1715",1.00776635045731
"Gene_1716",1.03114328580524
"Gene_1717",0.940074318941636
"Gene_1718",1.33408827201406
"Gene_1719",1.09115365994438
"Gene_1720",1.01242607273009
"Gene_1721",0.905767054636394
"Gene_1722",0.934425131585349
"Gene_1723",1.06232767168024
"Gene_1724",0.972214571527267
"Gene_1725",0.981804668267911
"Gene_1726",0.92729489948533
"Gene_1727",0.987547811916091
"Gene_1728",1.1026686834611
"Gene_1729",0.862583199135973
"Gene_1730",1.07335055561114
"Gene_1731",1.0209458796635
"Gene_1732",1.03113493892736
"Gene_1733",1.08869261824318
"Gene_1734",0.938472058936306
"Gene_1735",0.919824085360133
"Gene_1736",0.968502415353897
"Gene_1737",1.06622388333598
"Gene_1738",1.04567980216948
"Gene_1739",1.36914703125805
"Gene_1740",1.02442847014481
"Gene_1741",1.57191797146794
"Gene_1742",0.994707481227776
"Gene_1743",1.1132889119568
"Gene_1744",0.980699231453219
"Gene_1745",0.961084635659245
"Gene_1746",0.890085589560405
"Gene_1747",1.03272257902004
"Gene_1748",1.15286260155953
"Gene_1749",0.950244114981791
"Gene_1750",0.882484965584791
"Gene_1751",0.915146779676187
"Gene_1752",1.06764313767913
"Gene_1753",0.996973744610155
"Gene_1754",1.01512478231995
"Gene_1755",1.06691881445208
"Gene_1756",0.845004084401192
"Gene_1757",0.905021812240441
"Gene_1758",0.958955132082634
"Gene_1759",0.74655484687028
"Gene_1760",0.872671535299002
"Gene_1761",1.0114320505419
"Gene_1762",0.868478650568896
"Gene_1763",0.951180500152025
"Gene_1764",0.927333170575123
"Gene_1765",1.11783197442642
"Gene_1766",1.012456230378
"Gene_1767",0.972447480548996
"Gene_1768",0.906960473729411
"Gene_1769",0.964827649139443
"Gene_1770",0.797720175730341
"Gene_1771",1.00197774853083
"Gene_1772",1.07421316311645
"Gene_1773",0.971206625228692
"Gene_1774",0.987266526266368
"Gene_1775",1.03154266830873
"Gene_1776",0.96697397484725
"Gene_1777",0.901311275972692
"Gene_1778",1.02582350514539
"Gene_1779",0.938837344209863
"Gene_1780",1.06352810299253
"Gene_1781",1.05137066892582
"Gene_1782",0.630125590108216
"Gene_1783",1.00461457747654
"Gene_1784",1.37083429740496
"Gene_1785",0.942373469508603
"Gene_1786",1.02642054019131
"Gene_1787",1.05998467355349
"Gene_1788",0.965143263670785
"Gene_1789",1.07155156345804
"Gene_1790",1.47322071714808
"Gene_1791",1.05602932640557
"Gene_1792",1.06964756299166
"Gene_1793",0.848157606720043
"Gene_1794",1.01061244851664
"Gene_1795",1.08214044791737
"Gene_1796",1.05837182643872
"Gene_1797",0.765868360150233
"Gene_1798",0.814246047847452
"Gene_1799",1.02491729239161
"Gene_1800",0.997911270238133
"Gene_1801",0.862117457889643
"Gene_1802",0.921870324381377
"Gene_1803",0.869017398629053
"Gene_1804",1.08915404849364
"Gene_1805",0.8319485933805
"Gene_1806",0.982412089094568
"Gene_1807",0.943447212687199
"Gene_1808",1.0769000662901
"Gene_1809",1.00300149886854
"Gene_1810",0.996475152771534
"Gene_1811",1.37458369611301
"Gene_1812",0.90379265363061
"Gene_1813",0.960542130785923
"Gene_1814",1.0948156548581
"Gene_1815",0.921114426174471
"Gene_1816",1.04416137706517
"Gene_1817",1.09663813658789
"Gene_1818",1.03031083362461
"Gene_1819",1.000943569341
"Gene_1820",1.06602805213939
"Gene_1821",0.937986698477339
"Gene_1822",0.904560493255325
"Gene_1823",1.00649520964201
"Gene_1824",0.866242085993677
"Gene_1825",1.0423483884222
"Gene_1826",1.29657561719458
"Gene_1827",0.940895202278364
"Gene_1828",0.969789690831079
"Gene_1829",1.00475803704758
"Gene_1830",1.23435989487789
"Gene_1831",0.633861337194112
"Gene_1832",1.04795713654675
"Gene_1833",0.993941318781571
"Gene_1834",1.01508656351038
"Gene_1835",0.911017469623768
"Gene_1836",1.01483506595178
"Gene_1837",1.00846199868522
"Gene_1838",1.00551727935334
"Gene_1839",0.974857555256202
"Gene_1840",1.01115050827284
"Gene_1841",0.945546553082779
"Gene_1842",0.566205730368652
"Gene_1843",1.06146659245317
"Gene_1844",0.887123515934997
"Gene_1845",0.873975922690341
"Gene_1846",0.906762643799571
"Gene_1847",1.26155095269255
"Gene_1848",1.01215873621519
"Gene_1849",1.01294559154317
"Gene_1850",0.901251460677188
"Gene_1851",0.965429347745687
"Gene_1852",1.01559533967007
"Gene_1853",1.32404450014697
"Gene_1854",0.935203878457398
"Gene_1855",1.08335303372176
"Gene_1856",1.04328010800251
"Gene_1857",0.99108788163384
"Gene_1858",0.946403423888923
"Gene_1859",1.05950720301144
"Gene_1860",1.01966717378967
"Gene_1861",1.18984851007495
"Gene_1862",1.00084502727664
"Gene_1863",1.04756897348369
"Gene_1864",1.03292980300638
"Gene_1865",1.03059227997562
"Gene_1866",0.979597891321989
"Gene_1867",0.881628806880758
"Gene_1868",0.991080876241226
"Gene_1869",0.968307450012711
"Gene_1870",0.98864060921283
"Gene_1871",1.07663147579671
"Gene_1872",1.15012004277664
"Gene_1873",1.55285009094565
"Gene_1874",0.801829746883363
"Gene_1875",1.04757983175458
"Gene_1876",1.22388291718055
"Gene_1877",0.636389933325274
"Gene_1878",1.11608496681674
"Gene_1879",0.997140406185311
"Gene_1880",1.14282766216497
"Gene_1881",1.00112386160604
"Gene_1882",0.903650177819011
"Gene_1883",1.00651294720084
"Gene_1884",1.26450503923998
"Gene_1885",1.0002932695296
"Gene_1886",1.31723756462709
"Gene_1887",0.981017696696822
"Gene_1888",0.945200593802897
"Gene_1889",1.04260748673283
"Gene_1890",0.923185045046544
"Gene_1891",1.10890225644435
"Gene_1892",1.05183501748184
"Gene_1893",0.950422035327375
"Gene_1894",0.967103491012644
"Gene_1895",1.02533525179011
"Gene_1896",0.942119927764136
"Gene_1897",0.93686243047777
"Gene_1898",1.07648178788408
"Gene_1899",0.964899114449334
"Gene_1900",1.09784143903309
